// Jest Snapshot v1, https://goo.gl/fbAQLP

exports[`Chart Component should render 500 Miles High 1`] = `
<div>
  <table
    className="ui fixed single line unstackable top attached very basic five column table chart"
    style={
      Object {
        "fontSize": 20,
        "fontWeight": 500,
      }
    }
  >
    <tbody
      className=""
    >
      <tr
        className="chart__bar-line"
      >
        <td
          className="top aligned one wide chart__bar"
          style={
            Object {
              "fontSize": 35,
              "fontWeight": 900,
            }
          }
        >
          
        </td>
        <td
          className="four wide chart__bar barline--left--light-light"
        >
          <span
            className="chord__time-signature"
          >
            4 / 4
          </span>
          E-7
           
        </td>
        <td
          className="center aligned four wide chart__bar barline--left--light"
        >
          <span
            className="chord__bar-repeat"
          >
            %
          </span>
           
        </td>
        <td
          className="four wide chart__bar barline--left--light"
        >
          G-7
           
        </td>
        <td
          className="center aligned four wide chart__bar barline--left--light barline--right--light"
        >
          <span
            className="chord__bar-repeat"
          >
            %
          </span>
           
        </td>
      </tr>
      <tr
        className="chart__bar-line"
      >
        <td
          className="one wide chart__bar"
        />
        <td
          className="four wide chart__bar barline--left--light"
        >
          Bb^7
           
        </td>
        <td
          className="center aligned four wide chart__bar barline--left--light"
        >
          <span
            className="chord__bar-repeat"
          >
            %
          </span>
           
        </td>
        <td
          className="four wide chart__bar barline--left--light"
        >
          Bh7
           
        </td>
        <td
          className="four wide chart__bar barline--left--light barline--right--light"
        >
          E7#9
           
        </td>
      </tr>
      <tr
        className="chart__bar-line"
      >
        <td
          className="one wide chart__bar"
        />
        <td
          className="four wide chart__bar barline--left--light"
        >
          A-7
           
        </td>
        <td
          className="center aligned four wide chart__bar barline--left--light"
        >
          <span
            className="chord__bar-repeat"
          >
            %
          </span>
           
        </td>
        <td
          className="four wide chart__bar barline--left--light"
        >
          F#h7
           
        </td>
        <td
          className="center aligned four wide chart__bar barline--left--light barline--right--light"
        >
          <span
            className="chord__bar-repeat"
          >
            %
          </span>
           
        </td>
      </tr>
      <tr
        className="chart__bar-line"
      >
        <td
          className="one wide chart__bar"
        />
        <td
          className="four wide chart__bar barline--left--light"
        >
          F-7
           
        </td>
        <td
          className="center aligned four wide chart__bar barline--left--light"
        >
          <span
            className="chord__bar-repeat"
          >
            %
          </span>
           
          <span
            className="chord__coda"
          >
            (Coda)
          </span>
        </td>
        <td
          className="four wide chart__bar barline--left--light"
        >
          C-7
           
        </td>
        <td
          className="center aligned four wide chart__bar barline--left--light barline--right--light"
        >
          <span
            className="chord__bar-repeat"
          >
            %
          </span>
           
        </td>
      </tr>
      <tr
        className="chart__bar-line"
      >
        <td
          className="one wide chart__bar"
        />
        <td
          className="four wide chart__bar barline--left--light"
        >
          B7#9
           
        </td>
        <td
          className="center aligned four wide chart__bar barline--left--light barline--right--light-heavy"
        >
          <span
            className="chord__bar-repeat"
          >
            %
          </span>
           
        </td>
      </tr>
      <tr
        className="chart__bar-line"
      >
        <td
          className="one wide chart__bar"
        />
        <td
          className="four wide chart__bar barline--left--heavy-dotted"
        >
          C-7
           
          <span
            className="chord__coda"
          >
            (Coda)
          </span>
        </td>
        <td
          className="center aligned four wide chart__bar barline--left--light"
        >
          <span
            className="chord__bar-repeat"
          >
            %
          </span>
           
        </td>
        <td
          className="four wide chart__bar barline--left--light"
        >
          Ab^7
           
        </td>
        <td
          className="center aligned four wide chart__bar barline--left--light barline--right--dotted-heavy"
        >
          <span
            className="chord__bar-repeat"
          >
            %
          </span>
           
        </td>
      </tr>
    </tbody>
  </table>
</div>
`;

exports[`Chart Component should render Afternoon in Paris 1`] = `
<div>
  <table
    className="ui fixed single line unstackable top attached very basic five column table chart"
    style={
      Object {
        "fontSize": 20,
        "fontWeight": 500,
      }
    }
  >
    <tbody
      className=""
    >
      <tr
        className="chart__bar-line"
      >
        <td
          className="top aligned one wide chart__bar"
          style={
            Object {
              "fontSize": 35,
              "fontWeight": 900,
            }
          }
        >
          A
        </td>
        <td
          className="four wide chart__bar barline--left--heavy-dotted"
        >
          <span
            className="chord__time-signature"
          >
            4 / 4
          </span>
          C^7
           
        </td>
        <td
          className="four wide chart__bar barline--left--light"
        >
          C-7
           
          F7
           
        </td>
        <td
          className="four wide chart__bar barline--left--light"
        >
          Bb^7
           
        </td>
        <td
          className="four wide chart__bar barline--left--light barline--right--light"
        >
          Bb-7
           
          Eb7
           
        </td>
      </tr>
      <tr
        className="chart__bar-line"
      >
        <td
          className="one wide chart__bar"
        />
        <td
          className="four wide chart__bar barline--left--light"
        >
          Ab^7
           
        </td>
        <td
          className="four wide chart__bar barline--left--light"
        >
          D-7
           
          G7#9
           
        </td>
        <td
          className="four wide chart__bar barline--left--light barline--top--light"
        >
          C^7
           
        </td>
        <td
          className="four wide chart__bar barline--left--light barline--right--dotted-heavy"
        >
          D-7
           
          G7
           
        </td>
      </tr>
      <tr
        className="chart__bar-line"
      >
        <td
          className="one wide chart__bar"
        />
        <td
          className="four wide chart__bar"
        />
        <td
          className="four wide chart__bar"
        />
        <td
          className="four wide chart__bar barline--left--light barline--top--light"
        >
          C^7
           
        </td>
        <td
          className="center aligned four wide chart__bar barline--left--light barline--right--light-light"
        >
          <span
            className="chord__bar-repeat"
          >
            %
          </span>
           
        </td>
      </tr>
      <tr
        className="chart__bar-line"
      >
        <td
          className="top aligned one wide chart__bar"
          style={
            Object {
              "fontSize": 35,
              "fontWeight": 900,
            }
          }
        >
          B
        </td>
        <td
          className="four wide chart__bar barline--left--light-light"
        >
          D-7
           
        </td>
        <td
          className="four wide chart__bar barline--left--light"
        >
          G7
           
        </td>
        <td
          className="four wide chart__bar barline--left--light"
        >
          C^7/E
           
        </td>
        <td
          className="four wide chart__bar barline--left--light barline--right--light"
        >
          A7
           
        </td>
      </tr>
      <tr
        className="chart__bar-line"
      >
        <td
          className="one wide chart__bar"
        />
        <td
          className="four wide chart__bar barline--left--light"
        >
          D-7
           
        </td>
        <td
          className="four wide chart__bar barline--left--light"
        >
          G7
           
        </td>
        <td
          className="four wide chart__bar barline--left--light"
        >
          C^7
          <span
            className="chord__alt-chord"
          >
            (C#-7)
          </span>
           
          
          <span
            className="chord__alt-chord"
          >
            (F#7)
          </span>
           
        </td>
        <td
          className="four wide chart__bar barline--left--light barline--right--light-light"
        >
          D-7
           
          G7
           
        </td>
      </tr>
      <tr
        className="chart__bar-line"
      >
        <td
          className="top aligned one wide chart__bar"
          style={
            Object {
              "fontSize": 35,
              "fontWeight": 900,
            }
          }
        >
          A
        </td>
        <td
          className="four wide chart__bar barline--left--light-light"
        >
          C^7
           
        </td>
        <td
          className="four wide chart__bar barline--left--light"
        >
          C-7
           
          F7
           
        </td>
        <td
          className="four wide chart__bar barline--left--light"
        >
          Bb^7
           
        </td>
        <td
          className="four wide chart__bar barline--left--light barline--right--light"
        >
          Bb-7
           
          Eb7
           
        </td>
      </tr>
      <tr
        className="chart__bar-line"
      >
        <td
          className="one wide chart__bar"
        />
        <td
          className="four wide chart__bar barline--left--light"
        >
          Ab^7
           
        </td>
        <td
          className="four wide chart__bar barline--left--light"
        >
          D-7
           
          G7#9
           
        </td>
        <td
          className="four wide chart__bar barline--left--light"
        >
          C^7
           
        </td>
        <td
          className="four wide chart__bar barline--left--light barline--right--light-heavy"
        >
          D-7
           
          G7
           
        </td>
      </tr>
    </tbody>
  </table>
</div>
`;

exports[`Chart Component should render Agua De Beber (alt) and (sus) 1`] = `
<div>
  <table
    className="ui fixed single line unstackable top attached very basic five column table chart"
    style={
      Object {
        "fontSize": 20,
        "fontWeight": 500,
      }
    }
  >
    <tbody
      className=""
    >
      <tr
        className="chart__bar-line"
      >
        <td
          className="top aligned one wide chart__bar"
          style={
            Object {
              "fontSize": 35,
              "fontWeight": 900,
            }
          }
        >
          i
        </td>
        <td
          className="four wide chart__bar barline--left--heavy-dotted"
        >
          <span
            className="chord__time-signature"
          >
            4 / 4
          </span>
          D-7
           
        </td>
        <td
          className="four wide chart__bar barline--left--light"
        >
          E7#9
           
          A7b13
           
        </td>
        <td
          className="four wide chart__bar barline--left--light"
        >
          D-7
           
        </td>
        <td
          className="four wide chart__bar barline--left--light barline--right--light"
        >
          E7#9
           
          A7b13
           
        </td>
      </tr>
      <tr
        className="chart__bar-line"
      >
        <td
          className="one wide chart__bar"
        />
        <td
          className="four wide chart__bar barline--left--light"
        >
          D-7
           
        </td>
        <td
          className="four wide chart__bar barline--left--light"
        >
          Bb^7
           
        </td>
        <td
          className="four wide chart__bar barline--left--light"
        >
          D-7
           
        </td>
        <td
          className="center aligned four wide chart__bar barline--left--light barline--right--dotted-heavy"
        >
          <span
            className="chord__bar-repeat"
          >
            %
          </span>
           
        </td>
      </tr>
      <tr
        className="chart__bar-line"
      >
        <td
          className="top aligned one wide chart__bar"
          style={
            Object {
              "fontSize": 35,
              "fontWeight": 900,
            }
          }
        >
          A
        </td>
        <td
          className="four wide chart__bar barline--left--light-light"
        >
          E7b9
           
        </td>
        <td
          className="four wide chart__bar barline--left--light"
        >
          A7alt
           
        </td>
        <td
          className="four wide chart__bar barline--left--light"
        >
          D-7
           
        </td>
        <td
          className="four wide chart__bar barline--left--light barline--right--light"
        >
          G7
           
        </td>
      </tr>
      <tr
        className="chart__bar-line"
      >
        <td
          className="one wide chart__bar"
        />
        <td
          className="four wide chart__bar barline--left--light"
        >
          G-7
           
        </td>
        <td
          className="four wide chart__bar barline--left--light"
        >
          C7
           
        </td>
        <td
          className="four wide chart__bar barline--left--light"
        >
          F^7
           
        </td>
        <td
          className="center aligned four wide chart__bar barline--left--light barline--right--light"
        >
          <span
            className="chord__bar-repeat"
          >
            %
          </span>
           
        </td>
      </tr>
      <tr
        className="chart__bar-line"
      >
        <td
          className="one wide chart__bar"
        />
        <td
          className="four wide chart__bar barline--left--light"
        >
          E7
           
          Eb7
           
        </td>
        <td
          className="four wide chart__bar barline--left--light"
        >
          D-7
           
          Dbo7
           
        </td>
        <td
          className="four wide chart__bar barline--left--light"
        >
          F7/C
           
        </td>
        <td
          className="four wide chart__bar barline--left--light barline--right--light"
        >
          E7#9/B
           
        </td>
      </tr>
      <tr
        className="chart__bar-line"
      >
        <td
          className="one wide chart__bar"
        />
        <td
          className="four wide chart__bar barline--left--light"
        >
          E7b9
           
        </td>
        <td
          className="four wide chart__bar barline--left--light"
        >
          A7sus
           
        </td>
        <td
          className="four wide chart__bar barline--left--light"
        >
          D-7
           
        </td>
        <td
          className="four wide chart__bar barline--left--light barline--right--light-light"
        >
          D7b9
           
        </td>
      </tr>
      <tr
        className="chart__bar-line"
      >
        <td
          className="top aligned one wide chart__bar"
          style={
            Object {
              "fontSize": 35,
              "fontWeight": 900,
            }
          }
        >
          B
        </td>
        <td
          className="four wide chart__bar barline--left--light-light"
        >
          G7
           
        </td>
        <td
          className="four wide chart__bar barline--left--light"
        >
          G-7
           
        </td>
        <td
          className="four wide chart__bar barline--left--light"
        >
          D-7
           
        </td>
        <td
          className="four wide chart__bar barline--left--light barline--right--light"
        >
          D7b9
           
        </td>
      </tr>
      <tr
        className="chart__bar-line"
      >
        <td
          className="one wide chart__bar"
        />
        <td
          className="four wide chart__bar barline--left--light"
        >
          G7
           
        </td>
        <td
          className="four wide chart__bar barline--left--light"
        >
          G-7
           
        </td>
        <td
          className="four wide chart__bar barline--left--light"
        >
          D-7
           
        </td>
        <td
          className="four wide chart__bar barline--left--light barline--right--light-light"
        >
          A7b13
           
        </td>
      </tr>
      <tr
        className="chart__bar-line"
      >
        <td
          className="top aligned one wide chart__bar"
          style={
            Object {
              "fontSize": 35,
              "fontWeight": 900,
            }
          }
        >
          C
        </td>
        <td
          className="four wide chart__bar barline--left--light-light"
        >
          D-7
           
        </td>
        <td
          className="four wide chart__bar barline--left--light"
        >
          E7#9
           
          A7b13
           
        </td>
        <td
          className="four wide chart__bar barline--left--light"
        >
          D-7
           
        </td>
        <td
          className="four wide chart__bar barline--left--light barline--right--light"
        >
          E7#9
           
          A7b13
           
        </td>
      </tr>
      <tr
        className="chart__bar-line"
      >
        <td
          className="one wide chart__bar"
        />
        <td
          className="four wide chart__bar barline--left--light"
        >
          D-7
           
        </td>
        <td
          className="four wide chart__bar barline--left--light"
        >
          Bb^7
           
        </td>
        <td
          className="four wide chart__bar barline--left--light"
        >
          D-7
           
        </td>
        <td
          className="center aligned four wide chart__bar barline--left--light barline--right--light-heavy"
        >
          <span
            className="chord__bar-repeat"
          >
            %
          </span>
           
        </td>
      </tr>
    </tbody>
  </table>
</div>
`;

exports[`Chart Component should render Ahmid-6 with multiple time signatures 1`] = `
<div>
  <table
    className="ui fixed single line unstackable top attached very basic five column table chart"
    style={
      Object {
        "fontSize": 20,
        "fontWeight": 500,
      }
    }
  >
    <tbody
      className=""
    >
      <tr
        className="chart__bar-line"
      >
        <td
          className="top aligned one wide chart__bar"
          style={
            Object {
              "fontSize": 35,
              "fontWeight": 900,
            }
          }
        >
          A
        </td>
        <td
          className="four wide chart__bar barline--left--light-light"
        >
          <span
            className="chord__time-signature"
          >
            4 / 4
          </span>
          D-7
           
        </td>
        <td
          className="four wide chart__bar barline--left--light"
        >
          C#-7
           
        </td>
        <td
          className="four wide chart__bar barline--left--light"
        >
          D-7
           
        </td>
        <td
          className="four wide chart__bar barline--left--light barline--right--light"
        >
          C#-7
           
        </td>
      </tr>
      <tr
        className="chart__bar-line"
      >
        <td
          className="one wide chart__bar"
        />
        <td
          className="four wide chart__bar barline--left--light"
        >
          F#-7
           
          B7
           
        </td>
        <td
          className="four wide chart__bar barline--left--light"
        >
          E-7
           
          A7
           
        </td>
        <td
          className="four wide chart__bar barline--left--light"
        >
          G
           
          F
           
        </td>
        <td
          className="four wide chart__bar barline--left--light barline--right--light"
        >
          E-
           
          D-7
           
        </td>
      </tr>
      <tr
        className="chart__bar-line"
      >
        <td
          className="one wide chart__bar"
        />
        <td
          className="four wide chart__bar barline--left--light"
        >
          C^7
           
        </td>
        <td
          className="four wide chart__bar barline--left--light"
        >
          B7
           
        </td>
        <td
          className="four wide chart__bar barline--left--light"
        >
          Bb^7#11
           
        </td>
        <td
          className="four wide chart__bar barline--left--light barline--right--light"
        >
          Ah7
           
          D7b9
           
        </td>
      </tr>
      <tr
        className="chart__bar-line"
      >
        <td
          className="one wide chart__bar"
        />
        <td
          className="four wide chart__bar barline--left--light"
        >
          F#h7
           
          B7b9
           
        </td>
        <td
          className="four wide chart__bar barline--left--light"
        >
          Eh7
           
          A7b9
           
        </td>
        <td
          className="four wide chart__bar barline--left--light"
        >
          D-7
           
          E-7
           
        </td>
        <td
          className="four wide chart__bar barline--left--light barline--right--light"
        >
          F-7
           
          Bb7
           
        </td>
      </tr>
      <tr
        className="chart__bar-line"
      >
        <td
          className="one wide chart__bar"
        />
        <td
          className="four wide chart__bar barline--left--light"
        >
          Eb9sus
           
        </td>
        <td
          className="center aligned four wide chart__bar barline--left--light"
        >
          <span
            className="chord__bar-repeat"
          >
            %
          </span>
           
        </td>
        <td
          className="four wide chart__bar barline--left--light"
        >
          Ab^9
           
        </td>
        <td
          className="center aligned four wide chart__bar barline--left--light barline--right--light"
        >
          <span
            className="chord__bar-repeat"
          >
            %
          </span>
           
        </td>
      </tr>
      <tr
        className="chart__bar-line"
      >
        <td
          className="one wide chart__bar"
        />
        <td
          className="four wide chart__bar barline--left--light"
        >
          Ab7sus
           
        </td>
        <td
          className="center aligned four wide chart__bar barline--left--light"
        >
          <span
            className="chord__bar-repeat"
          >
            %
          </span>
           
        </td>
        <td
          className="four wide chart__bar barline--left--light"
        >
          Db^13
           
        </td>
        <td
          className="center aligned four wide chart__bar barline--left--light barline--right--light"
        >
          <span
            className="chord__bar-repeat"
          >
            %
          </span>
           
        </td>
      </tr>
      <tr
        className="chart__bar-line"
      >
        <td
          className="one wide chart__bar"
        />
        <td
          className="four wide chart__bar barline--left--light"
        >
          Dh7
           
          G7b9
           
        </td>
        <td
          className="four wide chart__bar barline--left--light"
        >
          C-7
           
          F7
           
        </td>
        <td
          className="four wide chart__bar barline--left--light"
        >
          F-7
           
          Bb7
           
        </td>
        <td
          className="four wide chart__bar barline--left--light barline--right--light"
        >
          Gh7
           
          C7#9
           
        </td>
      </tr>
      <tr
        className="chart__bar-line"
      >
        <td
          className="one wide chart__bar"
        />
        <td
          className="four wide chart__bar barline--left--light"
        >
          F-7
           
          F#-7
           
        </td>
        <td
          className="four wide chart__bar barline--left--light"
        >
          G-7
           
          C-7
           
        </td>
        <td
          className="four wide chart__bar barline--left--light"
        >
          <span
            className="chord__time-signature"
          >
            3 / 4
          </span>
          F#-7
           
          B7
           
        </td>
        <td
          className="four wide chart__bar barline--left--light barline--right--light"
        >
          E-7
           
          A7sus
           
        </td>
      </tr>
      <tr
        className="chart__bar-line"
      >
        <td
          className="one wide chart__bar"
        />
        <td
          className="four wide chart__bar barline--left--light"
        >
          <span
            className="chord__time-signature"
          >
            2 / 4
          </span>
          A7sus
           
        </td>
        <td
          className="four wide chart__bar barline--left--light"
        >
          <span
            className="chord__time-signature"
          >
            4 / 4
          </span>
          A7sus
           
        </td>
        <td
          className="center aligned four wide chart__bar barline--left--light barline--right--light-light"
        >
          <span
            className="chord__bar-repeat"
          >
            %
          </span>
           
        </td>
      </tr>
      <tr
        className="chart__bar-line"
      >
        <td
          className="top aligned one wide chart__bar"
          style={
            Object {
              "fontSize": 35,
              "fontWeight": 900,
            }
          }
        >
          B
        </td>
        <td
          className="four wide chart__bar barline--left--light-light"
        >
          D-7
           
        </td>
        <td
          className="four wide chart__bar barline--left--light"
        >
          C#-7
           
        </td>
        <td
          className="four wide chart__bar barline--left--light"
        >
          D-7
           
        </td>
        <td
          className="four wide chart__bar barline--left--light barline--right--light"
        >
          C#-7
           
        </td>
      </tr>
      <tr
        className="chart__bar-line"
      >
        <td
          className="one wide chart__bar"
        />
        <td
          className="four wide chart__bar barline--left--light"
        >
          F#-7
           
          B7
           
        </td>
        <td
          className="four wide chart__bar barline--left--light"
        >
          E-7
           
          A7
           
        </td>
        <td
          className="four wide chart__bar barline--left--light"
        >
          A-7
           
        </td>
        <td
          className="four wide chart__bar barline--left--light barline--right--light"
        >
          \\
           
          \\
           
          D7
           
        </td>
      </tr>
      <tr
        className="chart__bar-line"
      >
        <td
          className="one wide chart__bar"
        />
        <td
          className="four wide chart__bar barline--left--light"
        >
          G^7
           
          Bb7
           
        </td>
        <td
          className="four wide chart__bar barline--left--light"
        >
          Eb^7
           
          B7
           
        </td>
        <td
          className="four wide chart__bar barline--left--light"
        >
          E^7
           
          G7
           
        </td>
        <td
          className="four wide chart__bar barline--left--light barline--right--light"
        >
          C^7
           
          Ab7
           
        </td>
      </tr>
      <tr
        className="chart__bar-line"
      >
        <td
          className="one wide chart__bar"
        />
        <td
          className="four wide chart__bar barline--left--light"
        >
          Db^7
           
          E7
           
        </td>
        <td
          className="four wide chart__bar barline--left--light"
        >
          A^7
           
          C7
           
        </td>
        <td
          className="four wide chart__bar barline--left--light"
        >
          F^7
           
        </td>
        <td
          className="center aligned four wide chart__bar barline--left--light barline--right--light"
        >
          <span
            className="chord__bar-repeat"
          >
            %
          </span>
           
        </td>
      </tr>
      <tr
        className="chart__bar-line"
      >
        <td
          className="one wide chart__bar"
        />
        <td
          className="four wide chart__bar barline--left--light"
        >
          E-7
           
        </td>
        <td
          className="center aligned four wide chart__bar barline--left--light"
        >
          <span
            className="chord__bar-repeat"
          >
            %
          </span>
           
        </td>
        <td
          className="four wide chart__bar barline--left--light"
        >
          F^7
           
        </td>
        <td
          className="center aligned four wide chart__bar barline--left--light barline--right--light"
        >
          <span
            className="chord__bar-repeat"
          >
            %
          </span>
           
        </td>
      </tr>
      <tr
        className="chart__bar-line"
      >
        <td
          className="one wide chart__bar"
        />
        <td
          className="four wide chart__bar barline--left--light"
        >
          E-7
           
        </td>
        <td
          className="center aligned four wide chart__bar barline--left--light barline--right--light-heavy"
        >
          <span
            className="chord__bar-repeat"
          >
            %
          </span>
           
        </td>
      </tr>
    </tbody>
  </table>
</div>
`;

exports[`Chart Component should render Airmail Special with Segno symbol (s), and 4 repeats 1`] = `
<div>
  <table
    className="ui fixed single line unstackable top attached very basic five column table chart"
    style={
      Object {
        "fontSize": 20,
        "fontWeight": 500,
      }
    }
  >
    <tbody
      className=""
    >
      <tr
        className="chart__bar-line"
      >
        <td
          className="top aligned one wide chart__bar"
          style={
            Object {
              "fontSize": 35,
              "fontWeight": 900,
            }
          }
        >
          i
        </td>
        <td
          className="four wide chart__bar barline--left--light-light"
        >
          <span
            className="chord__time-signature"
          >
            4 / 4
          </span>
          C6
           
        </td>
        <td
          className="center aligned four wide chart__bar barline--left--light"
        >
          <span
            className="chord__bar-repeat"
          >
            %
          </span>
           
        </td>
        <td
          className="four wide chart__bar barline--left--light"
        >
          C6
           
        </td>
        <td
          className="center aligned four wide chart__bar barline--left--light barline--right--light"
        >
          <span
            className="chord__bar-repeat"
          >
            %
          </span>
           
        </td>
      </tr>
      <tr
        className="chart__bar-line"
      >
        <td
          className="one wide chart__bar"
        />
        <td
          className="four wide chart__bar barline--left--light"
        >
          C6
           
        </td>
        <td
          className="center aligned four wide chart__bar barline--left--light"
        >
          <span
            className="chord__bar-repeat"
          >
            %
          </span>
           
        </td>
        <td
          className="four wide chart__bar barline--left--light"
        >
          C6
           
        </td>
        <td
          className="center aligned four wide chart__bar barline--left--light barline--right--light-light"
        >
          <span
            className="chord__bar-repeat"
          >
            %
          </span>
           
        </td>
      </tr>
      <tr
        className="chart__bar-line"
      >
        <td
          className="one wide chart__bar"
        />
        <td
          className="four wide chart__bar barline--left--light-light"
        >
          Co7
           
        </td>
        <td
          className="center aligned four wide chart__bar barline--left--light"
        >
          <span
            className="chord__bar-repeat"
          >
            %
          </span>
           
        </td>
        <td
          className="four wide chart__bar barline--left--light"
        >
          Co7
           
        </td>
        <td
          className="center aligned four wide chart__bar barline--left--light barline--right--light"
        >
          <span
            className="chord__bar-repeat"
          >
            %
          </span>
           
        </td>
      </tr>
      <tr
        className="chart__bar-line"
      >
        <td
          className="one wide chart__bar"
        />
        <td
          className="four wide chart__bar barline--left--light"
        >
          Co7
           
          Bo7
           
        </td>
        <td
          className="four wide chart__bar barline--left--light"
        >
          Bbo7
           
        </td>
        <td
          className="four wide chart__bar barline--left--light"
        >
          Ab7
           
        </td>
        <td
          className="four wide chart__bar barline--left--light barline--right--light-light"
        >
          G7
           
        </td>
      </tr>
      <tr
        className="chart__bar-line"
      >
        <td
          className="top aligned one wide chart__bar"
          style={
            Object {
              "fontSize": 35,
              "fontWeight": 900,
            }
          }
        >
          A
        </td>
        <td
          className="four wide chart__bar barline--left--heavy-dotted"
        >
          C
           
          C/E
           
          <span
            className="chord__segno"
          >
            (Segno)
          </span>
        </td>
        <td
          className="four wide chart__bar barline--left--light"
        >
          F
           
          G
           
        </td>
        <td
          className="four wide chart__bar barline--left--light"
        >
          C
           
          C/E
           
        </td>
        <td
          className="four wide chart__bar barline--left--light barline--right--light"
        >
          F
           
          G
           
        </td>
      </tr>
      <tr
        className="chart__bar-line"
      >
        <td
          className="one wide chart__bar"
        />
        <td
          className="four wide chart__bar barline--left--light"
        >
          C
           
          C7
           
        </td>
        <td
          className="four wide chart__bar barline--left--light"
        >
          F
           
          F#o7
           
        </td>
        <td
          className="four wide chart__bar barline--left--light"
        >
          C/G
           
        </td>
        <td
          className="four wide chart__bar barline--left--light barline--right--dotted-heavy"
        >
          C
           
        </td>
      </tr>
      <tr
        className="chart__bar-line"
      >
        <td
          className="top aligned one wide chart__bar"
          style={
            Object {
              "fontSize": 35,
              "fontWeight": 900,
            }
          }
        >
          B
        </td>
        <td
          className="four wide chart__bar barline--left--light-light"
        >
          Co7
           
        </td>
        <td
          className="center aligned four wide chart__bar barline--left--light"
        >
          <span
            className="chord__bar-repeat"
          >
            %
          </span>
           
        </td>
        <td
          className="four wide chart__bar barline--left--light"
        >
          Co7
           
        </td>
        <td
          className="center aligned four wide chart__bar barline--left--light barline--right--light"
        >
          <span
            className="chord__bar-repeat"
          >
            %
          </span>
           
        </td>
      </tr>
      <tr
        className="chart__bar-line"
      >
        <td
          className="one wide chart__bar"
        />
        <td
          className="four wide chart__bar barline--left--light"
        >
          Co7
           
          Bo7
           
        </td>
        <td
          className="four wide chart__bar barline--left--light"
        >
          Bbo7
           
        </td>
        <td
          className="four wide chart__bar barline--left--light"
        >
          Ab7
           
        </td>
        <td
          className="four wide chart__bar barline--left--light barline--right--light-heavy"
        >
          G7
           
        </td>
      </tr>
    </tbody>
  </table>
</div>
`;

exports[`Chart Component should render Alfie with strange long second ending 1`] = `
<div>
  <table
    className="ui fixed single line unstackable top attached very basic five column table chart"
    style={
      Object {
        "fontSize": 20,
        "fontWeight": 500,
      }
    }
  >
    <tbody
      className=""
    >
      <tr
        className="chart__bar-line"
      >
        <td
          className="top aligned one wide chart__bar"
          style={
            Object {
              "fontSize": 35,
              "fontWeight": 900,
            }
          }
        >
          A
        </td>
        <td
          className="four wide chart__bar barline--left--heavy-dotted"
        >
          <span
            className="chord__time-signature"
          >
            4 / 4
          </span>
          Bb^7
           
        </td>
        <td
          className="four wide chart__bar barline--left--light"
        >
          F7sus
           
        </td>
        <td
          className="four wide chart__bar barline--left--light"
        >
          Bb^7
           
        </td>
        <td
          className="four wide chart__bar barline--left--light barline--right--light"
        >
          D-7
           
          G7
           
        </td>
      </tr>
      <tr
        className="chart__bar-line"
      >
        <td
          className="one wide chart__bar"
        />
        <td
          className="four wide chart__bar barline--left--light"
        >
          C-7
           
        </td>
        <td
          className="four wide chart__bar barline--left--light"
        >
          D-7
           
          G-7
           
        </td>
        <td
          className="four wide chart__bar barline--left--light"
        >
          C-7
           
          F7sus
           
        </td>
        <td
          className="four wide chart__bar barline--left--light barline--right--light"
        >
          Bbo7
           
        </td>
      </tr>
      <tr
        className="chart__bar-line"
      >
        <td
          className="one wide chart__bar"
        />
        <td
          className="four wide chart__bar"
        />
        <td
          className="four wide chart__bar"
        />
        <td
          className="four wide chart__bar barline--left--light barline--top--light"
        >
          F7sus
           
        </td>
        <td
          className="four wide chart__bar barline--left--light barline--right--dotted-heavy"
        >
          F7
           
          F7#5
           
        </td>
      </tr>
      <tr
        className="chart__bar-line"
      >
        <td
          className="top aligned one wide chart__bar"
          style={
            Object {
              "fontSize": 35,
              "fontWeight": 900,
            }
          }
        >
          B
        </td>
        <td
          className="four wide chart__bar barline--left--light-light barline--top--light"
        >
          A-7
           
        </td>
        <td
          className="four wide chart__bar barline--left--light"
        >
          Bb-/C
           
          C7
           
        </td>
        <td
          className="four wide chart__bar barline--left--light"
        >
          A-7
           
        </td>
        <td
          className="four wide chart__bar barline--left--light barline--right--light"
        >
          C7sus
           
        </td>
      </tr>
      <tr
        className="chart__bar-line"
      >
        <td
          className="one wide chart__bar"
        />
        <td
          className="four wide chart__bar barline--left--light"
        >
          A-7
           
        </td>
        <td
          className="four wide chart__bar barline--left--light"
        >
          Bb-/C
           
          C7
           
        </td>
        <td
          className="four wide chart__bar barline--left--light"
        >
          F7sus
           
        </td>
        <td
          className="four wide chart__bar barline--left--light barline--right--light-light"
        >
          F6
           
          F7
           
        </td>
      </tr>
      <tr
        className="chart__bar-line"
      >
        <td
          className="top aligned one wide chart__bar"
          style={
            Object {
              "fontSize": 35,
              "fontWeight": 900,
            }
          }
        >
          A
        </td>
        <td
          className="four wide chart__bar barline--left--light-light"
        >
          Bb^7
           
        </td>
        <td
          className="four wide chart__bar barline--left--light"
        >
          F7sus
           
        </td>
        <td
          className="four wide chart__bar barline--left--light"
        >
          Eh7
           
          Eb7
           
        </td>
        <td
          className="four wide chart__bar barline--left--light barline--right--light"
        >
          D-7
           
          G-7
           
        </td>
      </tr>
      <tr
        className="chart__bar-line"
      >
        <td
          className="one wide chart__bar"
        />
        <td
          className="four wide chart__bar barline--left--light"
        >
          Eh7
           
          Eb7
           
        </td>
        <td
          className="four wide chart__bar barline--left--light"
        >
          D-7
           
          G-7
           
        </td>
        <td
          className="four wide chart__bar barline--left--light"
        >
          C7#11
           
        </td>
        <td
          className="four wide chart__bar barline--left--light barline--right--light"
        >
          C-7
           
          F7sus
           
        </td>
      </tr>
      <tr
        className="chart__bar-line"
      >
        <td
          className="one wide chart__bar"
        />
        <td
          className="four wide chart__bar barline--left--light"
        >
          Bbo7
           
        </td>
        <td
          className="four wide chart__bar barline--left--light"
        >
          F7sus
           
        </td>
        <td
          className="four wide chart__bar barline--left--light"
        >
          Bo7
           
        </td>
        <td
          className="four wide chart__bar barline--left--light barline--right--light"
        >
          C-9
           
        </td>
      </tr>
      <tr
        className="chart__bar-line"
      >
        <td
          className="one wide chart__bar"
        />
        <td
          className="four wide chart__bar barline--left--light"
        >
          Bo7
           
        </td>
        <td
          className="four wide chart__bar barline--left--light barline--right--light-heavy"
        >
          Bb^7
           
        </td>
      </tr>
    </tbody>
  </table>
</div>
`;

exports[`Chart Component should render All Through The Night with 2 long repeats 1`] = `
<div>
  <table
    className="ui fixed single line unstackable top attached very basic five column table chart"
    style={
      Object {
        "fontSize": 20,
        "fontWeight": 500,
      }
    }
  >
    <tbody
      className=""
    >
      <tr
        className="chart__bar-line"
      >
        <td
          className="top aligned one wide chart__bar"
          style={
            Object {
              "fontSize": 35,
              "fontWeight": 900,
            }
          }
        >
          A
        </td>
        <td
          className="four wide chart__bar barline--left--heavy-dotted"
        >
          <span
            className="chord__time-signature"
          >
            4 / 4
          </span>
          F^7
           
        </td>
        <td
          className="four wide chart__bar barline--left--light"
        >
          Eh7
           
          A7b9
           
        </td>
        <td
          className="four wide chart__bar barline--left--light"
        >
          D-7
           
          Db7
           
        </td>
        <td
          className="four wide chart__bar barline--left--light barline--right--light"
        >
          C-7
           
          F7b9
           
        </td>
      </tr>
      <tr
        className="chart__bar-line"
      >
        <td
          className="one wide chart__bar"
        />
        <td
          className="four wide chart__bar barline--left--light"
        >
          Bb^7
           
        </td>
        <td
          className="four wide chart__bar barline--left--light"
        >
          Bb-7
           
          Eb7b9
           
        </td>
        <td
          className="four wide chart__bar barline--left--light"
        >
          Ab^7
           
        </td>
        <td
          className="center aligned four wide chart__bar barline--left--light barline--right--light"
        >
          <span
            className="chord__bar-repeat"
          >
            %
          </span>
           
        </td>
      </tr>
      <tr
        className="chart__bar-line"
      >
        <td
          className="one wide chart__bar"
        />
        <td
          className="four wide chart__bar barline--left--light barline--top--light"
        >
          Ah7
           
        </td>
        <td
          className="four wide chart__bar barline--left--light"
        >
          D7b9
           
        </td>
        <td
          className="four wide chart__bar barline--left--light"
        >
          Gh7
           
        </td>
        <td
          className="four wide chart__bar barline--left--light barline--right--light"
        >
          C7b9
           
        </td>
      </tr>
      <tr
        className="chart__bar-line"
      >
        <td
          className="one wide chart__bar"
        />
        <td
          className="four wide chart__bar barline--left--light"
        >
          F6
           
        </td>
        <td
          className="four wide chart__bar barline--left--light"
        >
          D7b9
           
        </td>
        <td
          className="four wide chart__bar barline--left--light"
        >
          G-7
           
        </td>
        <td
          className="four wide chart__bar barline--left--light barline--right--dotted-heavy"
        >
          C7b9
           
        </td>
      </tr>
      <tr
        className="chart__bar-line"
      >
        <td
          className="one wide chart__bar"
        />
        <td
          className="four wide chart__bar barline--left--light barline--top--light"
        >
          E^7
           
        </td>
        <td
          className="four wide chart__bar barline--left--light"
        >
          E7
           
        </td>
        <td
          className="four wide chart__bar barline--left--light"
        >
          Bbh7
           
        </td>
        <td
          className="four wide chart__bar barline--left--light barline--right--light"
        >
          Eb7b9
           
        </td>
      </tr>
      <tr
        className="chart__bar-line"
      >
        <td
          className="one wide chart__bar"
        />
        <td
          className="four wide chart__bar barline--left--light"
        >
          Ab^7
           
        </td>
        <td
          className="center aligned four wide chart__bar barline--left--light"
        >
          <span
            className="chord__bar-repeat"
          >
            %
          </span>
           
        </td>
        <td
          className="four wide chart__bar barline--left--light"
        >
          Gh7
           
        </td>
        <td
          className="four wide chart__bar barline--left--light barline--right--light-light"
        >
          C7b9
           
        </td>
      </tr>
      <tr
        className="chart__bar-line"
      >
        <td
          className="top aligned one wide chart__bar"
          style={
            Object {
              "fontSize": 35,
              "fontWeight": 900,
            }
          }
        >
          B
        </td>
        <td
          className="four wide chart__bar barline--left--light-light"
        >
          F-7
           
        </td>
        <td
          className="four wide chart__bar barline--left--light"
        >
          Dh7
           
        </td>
        <td
          className="four wide chart__bar barline--left--light"
        >
          Gh7
           
        </td>
        <td
          className="four wide chart__bar barline--left--light barline--right--light"
        >
          C7b9
           
        </td>
      </tr>
      <tr
        className="chart__bar-line"
      >
        <td
          className="one wide chart__bar"
        />
        <td
          className="four wide chart__bar barline--left--light"
        >
          Eb-7
           
        </td>
        <td
          className="four wide chart__bar barline--left--light"
        >
          Ab7
           
        </td>
        <td
          className="four wide chart__bar barline--left--light"
        >
          Db6
           
        </td>
        <td
          className="center aligned four wide chart__bar barline--left--light barline--right--light"
        >
          <span
            className="chord__bar-repeat"
          >
            %
          </span>
           
        </td>
      </tr>
      <tr
        className="chart__bar-line"
      >
        <td
          className="one wide chart__bar"
        />
        <td
          className="four wide chart__bar barline--left--light"
        >
          Gh7
           
        </td>
        <td
          className="four wide chart__bar barline--left--light"
        >
          C7b9
           
        </td>
        <td
          className="four wide chart__bar barline--left--light"
        >
          F-7
           
        </td>
        <td
          className="four wide chart__bar barline--left--light barline--right--light"
        >
          F-7/Eb
           
        </td>
      </tr>
      <tr
        className="chart__bar-line"
      >
        <td
          className="one wide chart__bar"
        />
        <td
          className="four wide chart__bar barline--left--light"
        >
          Dh7
           
        </td>
        <td
          className="four wide chart__bar barline--left--light"
        >
          G7b9
           
        </td>
        <td
          className="four wide chart__bar barline--left--light"
        >
          Gh7
           
        </td>
        <td
          className="four wide chart__bar barline--left--light barline--right--light-light"
        >
          C7b9
           
        </td>
      </tr>
      <tr
        className="chart__bar-line"
      >
        <td
          className="top aligned one wide chart__bar"
          style={
            Object {
              "fontSize": 35,
              "fontWeight": 900,
            }
          }
        >
          C
        </td>
        <td
          className="four wide chart__bar barline--left--light-light"
        >
          F^7
           
        </td>
        <td
          className="four wide chart__bar barline--left--light"
        >
          Eh7
           
          A7b9
           
        </td>
        <td
          className="four wide chart__bar barline--left--light"
        >
          D-7
           
          Db7
           
        </td>
        <td
          className="four wide chart__bar barline--left--light barline--right--light"
        >
          C-7
           
          F7b9
           
        </td>
      </tr>
      <tr
        className="chart__bar-line"
      >
        <td
          className="one wide chart__bar"
        />
        <td
          className="four wide chart__bar barline--left--light"
        >
          Bb^7
           
        </td>
        <td
          className="center aligned four wide chart__bar barline--left--light"
        >
          <span
            className="chord__bar-repeat"
          >
            %
          </span>
           
        </td>
        <td
          className="four wide chart__bar barline--left--light"
        >
          Bb-7
           
        </td>
        <td
          className="four wide chart__bar barline--left--light barline--right--light"
        >
          Eb7
           
        </td>
      </tr>
      <tr
        className="chart__bar-line"
      >
        <td
          className="one wide chart__bar"
        />
        <td
          className="four wide chart__bar barline--left--light"
        >
          A-7
           
        </td>
        <td
          className="four wide chart__bar barline--left--light"
        >
          D7
           
        </td>
        <td
          className="four wide chart__bar barline--left--light"
        >
          G-7
           
        </td>
        <td
          className="four wide chart__bar barline--left--light barline--right--light"
        >
          C7b9
           
        </td>
      </tr>
      <tr
        className="chart__bar-line"
      >
        <td
          className="one wide chart__bar"
        />
        <td
          className="four wide chart__bar barline--left--light"
        >
          F6
           
        </td>
        <td
          className="four wide chart__bar barline--left--light"
        >
          D7#9
           
        </td>
        <td
          className="four wide chart__bar barline--left--light"
        >
          G-7
           
        </td>
        <td
          className="four wide chart__bar barline--left--light barline--right--light-heavy"
        >
          C7b9
           
        </td>
      </tr>
    </tbody>
  </table>
</div>
`;

exports[`Chart Component should render Butterfly fermata and pauses and N.C. 1`] = `
<div>
  <table
    className="ui fixed single line unstackable top attached very basic five column table chart"
    style={
      Object {
        "fontSize": 20,
        "fontWeight": 500,
      }
    }
  >
    <tbody
      className=""
    >
      <tr
        className="chart__bar-line"
      >
        <td
          className="top aligned one wide chart__bar"
          style={
            Object {
              "fontSize": 35,
              "fontWeight": 900,
            }
          }
        >
          i
        </td>
        <td
          className="four wide chart__bar barline--left--heavy-dotted"
        >
          <span
            className="chord__time-signature"
          >
            4 / 4
          </span>
          F-7
           
        </td>
        <td
          className="four wide chart__bar barline--left--light"
        >
          \\
           
          A-7
           
        </td>
        <td
          className="four wide chart__bar barline--left--light"
        >
          F-7
           
        </td>
        <td
          className="four wide chart__bar barline--left--light barline--right--dotted-heavy"
        >
          \\
           
          A-7
           
        </td>
      </tr>
      <tr
        className="chart__bar-line"
      >
        <td
          className="top aligned one wide chart__bar"
          style={
            Object {
              "fontSize": 35,
              "fontWeight": 900,
            }
          }
        >
          A
        </td>
        <td
          className="four wide chart__bar barline--left--heavy-dotted"
        >
          F-11
           
          <span
            className="chord__segno"
          >
            (Segno)
          </span>
        </td>
        <td
          className="four wide chart__bar barline--left--light"
        >
          \\
           
          A-11
           
        </td>
        <td
          className="four wide chart__bar barline--left--light"
        >
          F-11
           
        </td>
        <td
          className="four wide chart__bar barline--left--light barline--right--dotted-heavy"
        >
          \\
           
          D-11
           
        </td>
      </tr>
      <tr
        className="chart__bar-line"
      >
        <td
          className="top aligned one wide chart__bar"
          style={
            Object {
              "fontSize": 35,
              "fontWeight": 900,
            }
          }
        >
          B
        </td>
        <td
          className="four wide chart__bar barline--left--light-light"
        >
          <span
            className="chord__no-chord"
          >
            N.C.
          </span>
           
          Bb7
           
        </td>
        <td
          className="four wide chart__bar barline--left--light"
        >
          <span
            className="chord__no-chord"
          >
            N.C.
          </span>
           
        </td>
        <td
          className="four wide chart__bar barline--left--light"
        >
          <span
            className="chord__no-chord"
          >
            N.C.
          </span>
           
        </td>
        <td
          className="four wide chart__bar barline--left--light barline--right--light"
        >
          <span
            className="chord__no-chord"
          >
            N.C.
          </span>
           
          A7#9#5
           
        </td>
      </tr>
      <tr
        className="chart__bar-line"
      >
        <td
          className="one wide chart__bar"
        />
        <td
          className="four wide chart__bar barline--left--light"
        >
          Ab^7/Bb
           
        </td>
        <td
          className="four wide chart__bar barline--left--light"
        >
          Ab^7#5/Bb
           
        </td>
        <td
          className="four wide chart__bar barline--left--light"
        >
          Ab^7/Bb
           
        </td>
        <td
          className="four wide chart__bar barline--left--light barline--right--light"
        >
          Bb13
           
        </td>
      </tr>
      <tr
        className="chart__bar-line"
      >
        <td
          className="one wide chart__bar"
        />
        <td
          className="four wide chart__bar barline--left--light"
        >
          Eb13sus
           
        </td>
        <td
          className="center aligned four wide chart__bar barline--left--light"
        >
          <span
            className="chord__bar-repeat"
          >
            %
          </span>
           
        </td>
        <td
          className="four wide chart__bar barline--left--light"
        >
          Eb7#9#5
           
        </td>
        <td
          className="center aligned four wide chart__bar barline--left--light barline--right--light"
        >
          <span
            className="chord__bar-repeat"
          >
            %
          </span>
           
        </td>
      </tr>
      <tr
        className="chart__bar-line"
      >
        <td
          className="one wide chart__bar"
        />
        <td
          className="four wide chart__bar barline--left--light"
        >
          Ab13sus
           
        </td>
        <td
          className="four wide chart__bar barline--left--light"
        >
          \\
           
          \\
           
          W/C
           
          C7/E
           
          <span
            className="chord__coda"
          >
            (Coda)
          </span>
        </td>
        <td
          className="four wide chart__bar barline--left--light"
        >
          <span
            className="chord__no-chord"
          >
            N.C.
          </span>
           
          F-7
           
        </td>
        <td
          className="four wide chart__bar barline--left--light barline--right--light"
        >
          \\
           
          A-7
           
        </td>
      </tr>
      <tr
        className="chart__bar-line"
      >
        <td
          className="one wide chart__bar"
        />
        <td
          className="four wide chart__bar barline--left--heavy-dotted"
        >
          F-7
           
        </td>
        <td
          className="four wide chart__bar barline--left--light barline--right--dotted-heavy"
        >
          \\
           
          A-7
           
        </td>
      </tr>
      <tr
        className="chart__bar-line"
      >
        <td
          className="one wide chart__bar"
        />
        <td
          className="four wide chart__bar barline--left--heavy-dotted"
        >
          F-11
           
          <span
            className="chord__coda"
          >
            (Coda)
          </span>
        </td>
        <td
          className="center aligned four wide chart__bar barline--left--light"
        >
          <span
            className="chord__bar-repeat"
          >
            %
          </span>
           
        </td>
        <td
          className="center aligned four wide chart__bar barline--left--light"
        >
          <span
            className="chord__bar-repeat"
          >
            %
          </span>
           
        </td>
        <td
          className="center aligned four wide chart__bar barline--left--light barline--right--dotted-heavy"
        >
          <span
            className="chord__bar-repeat"
          >
            %
          </span>
           
        </td>
      </tr>
      <tr
        className="chart__bar-line"
      >
        <td
          className="one wide chart__bar"
        />
        <td
          className="four wide chart__bar barline--left--heavy-dotted"
        >
          Bb13
           
        </td>
        <td
          className="center aligned four wide chart__bar barline--left--light"
        >
          <span
            className="chord__bar-repeat"
          >
            %
          </span>
           
        </td>
        <td
          className="center aligned four wide chart__bar barline--left--light"
        >
          <span
            className="chord__bar-repeat"
          >
            %
          </span>
           
        </td>
        <td
          className="center aligned four wide chart__bar barline--left--light barline--right--dotted-heavy"
        >
          <span
            className="chord__bar-repeat"
          >
            %
          </span>
           
        </td>
      </tr>
      <tr
        className="chart__bar-line"
      >
        <td
          className="one wide chart__bar"
        />
        <td
          className="four wide chart__bar barline--left--light barline--right--light-heavy"
        >
          A^7#11
           
          <span
            className="chord__fermata"
          >
            (Fermata)
          </span>
        </td>
      </tr>
    </tbody>
  </table>
</div>
`;

exports[`Chart Component should render empty 1`] = `
<div>
  Loading...
</div>
`;

exports[`Chart Component should render song with repeats (r), The African Queen 1`] = `
<div>
  <table
    className="ui fixed single line unstackable top attached very basic five column table chart"
    style={
      Object {
        "fontSize": 20,
        "fontWeight": 500,
      }
    }
  >
    <tbody
      className=""
    >
      <tr
        className="chart__bar-line"
      >
        <td
          className="top aligned one wide chart__bar"
          style={
            Object {
              "fontSize": 35,
              "fontWeight": 900,
            }
          }
        >
          A
        </td>
        <td
          className="four wide chart__bar barline--left--light-light"
        >
          <span
            className="chord__time-signature"
          >
            4 / 4
          </span>
          C-9
           
          Db9
           
        </td>
        <td
          className="center aligned four wide chart__bar barline--left--light"
        >
          <span
            className="chord__bar-repeat"
          >
            %
          </span>
           
        </td>
        <td
          className="four wide chart__bar barline--left--light"
        >
          C-9
           
          Db9
           
        </td>
        <td
          className="center aligned four wide chart__bar barline--left--light barline--right--light"
        >
          <span
            className="chord__bar-repeat"
          >
            %
          </span>
           
        </td>
      </tr>
      <tr
        className="chart__bar-line"
      >
        <td
          className="one wide chart__bar"
        />
        <td
          className="four wide chart__bar barline--left--light"
        >
          C-9
           
          Db9
           
        </td>
        <td
          className="center aligned four wide chart__bar barline--left--light"
        >
          <span
            className="chord__bar-repeat"
          >
            %
          </span>
           
        </td>
        <td
          className="four wide chart__bar barline--left--light"
        >
          C-9
           
          Db9
           
        </td>
        <td
          className="center aligned four wide chart__bar barline--left--light barline--right--light-light"
        >
          <span
            className="chord__bar-repeat"
          >
            %
          </span>
           
        </td>
      </tr>
      <tr
        className="chart__bar-line"
      >
        <td
          className="top aligned one wide chart__bar"
          style={
            Object {
              "fontSize": 35,
              "fontWeight": 900,
            }
          }
        >
          A
        </td>
        <td
          className="four wide chart__bar barline--left--light-light"
        >
          C-9
           
          Db9
           
        </td>
        <td
          className="center aligned four wide chart__bar barline--left--light"
        >
          <span
            className="chord__bar-repeat"
          >
            %
          </span>
           
        </td>
        <td
          className="four wide chart__bar barline--left--light"
        >
          C-9
           
          Db9
           
        </td>
        <td
          className="center aligned four wide chart__bar barline--left--light barline--right--light"
        >
          <span
            className="chord__bar-repeat"
          >
            %
          </span>
           
        </td>
      </tr>
      <tr
        className="chart__bar-line"
      >
        <td
          className="one wide chart__bar"
        />
        <td
          className="four wide chart__bar barline--left--light"
        >
          C-9
           
          Db9
           
        </td>
        <td
          className="center aligned four wide chart__bar barline--left--light"
        >
          <span
            className="chord__bar-repeat"
          >
            %
          </span>
           
        </td>
        <td
          className="four wide chart__bar barline--left--light"
        >
          C-9
           
          Db9
           
        </td>
        <td
          className="center aligned four wide chart__bar barline--left--light barline--right--light-light"
        >
          <span
            className="chord__bar-repeat"
          >
            %
          </span>
           
        </td>
      </tr>
      <tr
        className="chart__bar-line"
      >
        <td
          className="top aligned one wide chart__bar"
          style={
            Object {
              "fontSize": 35,
              "fontWeight": 900,
            }
          }
        >
          B
        </td>
        <td
          className="four wide chart__bar barline--left--light-light"
        >
          Bb7
           
          A7
           
        </td>
        <td
          className="four wide chart__bar barline--left--light"
        >
          Ab7
           
          G7
           
        </td>
        <td
          className="four wide chart__bar barline--left--light"
        >
          C-9
           
          Db9
           
        </td>
        <td
          className="center aligned four wide chart__bar barline--left--light barline--right--light"
        >
          <span
            className="chord__bar-repeat"
          >
            %
          </span>
           
        </td>
      </tr>
      <tr
        className="chart__bar-line"
      >
        <td
          className="one wide chart__bar"
        />
        <td
          className="four wide chart__bar barline--left--light"
        >
          C-9
           
          Db9
           
        </td>
        <td
          className="center aligned four wide chart__bar barline--left--light barline--right--light-heavy"
        >
          <span
            className="chord__bar-repeat"
          >
            %
          </span>
           
        </td>
      </tr>
    </tbody>
  </table>
</div>
`;
